[replica-A] RECV Get(counter=x) L=2 (received L=1)
[replica-A] RECV Increment(counter=y, delta=1) L=3 (received L=1)
[replica-A] SEND GetReply(value=0, found=False) L=4
[replica-A] RECV Increment(counter=x, delta=1) L=5 (received L=1)
[replica-A] APPLY counter=y -> 1 L=6
[replica-A] SEND IncrementReply(new_value=1) L=7
[replica-A] APPLY counter=x -> 1 L=8
[replica-A] SEND IncrementReply(new_value=1) L=9
[replica-A] RECV Increment(counter=y, delta=1) L=10 (received L=9)
[replica-A] APPLY counter=y -> 2 L=11
[replica-A] RECV Increment(counter=x, delta=1) L=12 (received L=11)
[replica-A] SEND IncrementReply(new_value=2) L=13
[replica-A] APPLY counter=x -> 2 L=14
[replica-A] SEND IncrementReply(new_value=2) L=15
[replica-A] RECV Get(counter=y) L=16 (received L=6)
[replica-A] SEND GetReply(value=2, found=True) L=17
[replica-A] RECV Get(counter=x) L=20 (received L=19)
[replica-A] SEND GetReply(value=2, found=True) L=21
[replica-A] RECV Get(counter=y) L=24 (received L=23)
[replica-A] SEND GetReply(value=2, found=True) L=25
